 hmh-x86

 Timestamp is 58931f17 (Thu Feb  2 11:59:19 2017)

 Preferred load address is 00400000

 Start         Length     Name                   Class
 0001:00000000 00003217H .text$mn                CODE
 0002:00000000 0000013cH .idata$5                DATA
 0002:0000013c 00000004H .00cfg                  DATA
 0002:00000140 00000004H .CRT$XCA                DATA
 0002:00000144 00000004H .CRT$XCAA               DATA
 0002:00000148 00000004H .CRT$XCZ                DATA
 0002:0000014c 00000004H .CRT$XIA                DATA
 0002:00000150 00000004H .CRT$XIAA               DATA
 0002:00000154 00000004H .CRT$XIAC               DATA
 0002:00000158 00000004H .CRT$XIZ                DATA
 0002:0000015c 00000004H .CRT$XPA                DATA
 0002:00000160 00000004H .CRT$XPZ                DATA
 0002:00000164 00000004H .CRT$XTA                DATA
 0002:00000168 00000008H .CRT$XTZ                DATA
 0002:00000170 00000970H .rdata                  DATA
 0002:00000ae0 00000004H .rdata$sxdata           DATA
 0002:00000ae4 00000314H .rdata$zzzdbg           DATA
 0002:00000df8 00000004H .rtc$IAA                DATA
 0002:00000dfc 00000004H .rtc$IMZ                DATA
 0002:00000e00 00000004H .rtc$IZZ                DATA
 0002:00000e04 00000004H .rtc$TAA                DATA
 0002:00000e08 00000004H .rtc$TMZ                DATA
 0002:00000e0c 00000004H .rtc$TZZ                DATA
 0002:00000e10 0000007cH .xdata$x                DATA
 0002:00000e8c 00000000H .edata                  DATA
 0002:00000e8c 00000064H .idata$2                DATA
 0002:00000ef0 00000014H .idata$3                DATA
 0002:00000f04 0000013cH .idata$4                DATA
 0002:00001040 000005e6H .idata$6                DATA
 0003:00000000 00000030H .data                   DATA
 0003:00000030 000003bcH .bss                    DATA
 0004:00000000 0000002cH .gfids$y                DATA
 0005:00000000 00000060H .rsrc$01                DATA
 0005:00000060 00000180H .rsrc$02                DATA

  Address         Publics by Value              Rva+Base       Lib:Object

 0000:00000000       ___guard_fids_table        00000000     <absolute>
 0000:00000000       ___guard_longjmp_count     00000000     <absolute>
 0000:00000000       ___dynamic_value_reloc_table 00000000     <absolute>
 0000:00000000       ___guard_iat_table         00000000     <absolute>
 0000:00000000       ___guard_fids_count        00000000     <absolute>
 0000:00000000       ___guard_longjmp_table     00000000     <absolute>
 0000:00000000       ___guard_iat_count         00000000     <absolute>
 0000:00000001       ___safe_se_handler_count   00000001     <absolute>
 0000:00000100       ___guard_flags             00000100     <absolute>
 0000:00000000       ___ImageBase               00400000     <linker-defined>
 0001:00000000       ?Win32MainWindowCallback@@YGJPAUHWND__@@IIJ@Z 00401000 f   win32_handmade.obj
 0001:000004e0       _WinMain@16                004014e0 f   win32_handmade.obj
 0001:0000068c       _OutputDebugStringA@4      0040168c f   kernel32:KERNEL32.dll
 0001:00000692       _VirtualAlloc@16           00401692 f   kernel32:KERNEL32.dll
 0001:00000698       _VirtualFree@12            00401698 f   kernel32:KERNEL32.dll
 0001:0000069e       _GetMessageA@16            0040169e f   user32:USER32.dll
 0001:000006a4       _TranslateMessage@4        004016a4 f   user32:USER32.dll
 0001:000006aa       _DispatchMessageA@4        004016aa f   user32:USER32.dll
 0001:000006b0       _DefWindowProcA@16         004016b0 f   user32:USER32.dll
 0001:000006b6       _RegisterClassA@4          004016b6 f   user32:USER32.dll
 0001:000006bc       _CreateWindowExA@48        004016bc f   user32:USER32.dll
 0001:000006c2       _BeginPaint@8              004016c2 f   user32:USER32.dll
 0001:000006c8       _EndPaint@8                004016c8 f   user32:USER32.dll
 0001:000006ce       _GetClientRect@8           004016ce f   user32:USER32.dll
 0001:000006d4       _MessageBoxA@16            004016d4 f   user32:USER32.dll
 0001:000006da       _StretchDIBits@52          004016da f   gdi32:GDI32.dll
 0001:000006e0       @_RTC_AllocaHelper@12      004016e0 f   MSVCRTD:_stack_.obj
 0001:00000720       @_RTC_CheckStackVars2@12   00401720 f   MSVCRTD:_stack_.obj
 0001:00000800       @_RTC_CheckStackVars@8     00401800 f   MSVCRTD:_stack_.obj
 0001:00000860       __RTC_CheckEsp             00401860 f   MSVCRTD:_stack_.obj
 0001:000008a0       @__security_check_cookie@4 004018a0 f   MSVCRTD:_secchk_.obj
 0001:000008c0       __CRT_RTC_INIT             004018c0 f   MSVCRTD:_init_.obj
 0001:000008d0       __CRT_RTC_INITW            004018d0 f   MSVCRTD:_init_.obj
 0001:000008e0       __RTC_InitBase             004018e0 f   MSVCRTD:_init_.obj
 0001:00000910       __RTC_Shutdown             00401910 f   MSVCRTD:_init_.obj
 0001:00000c40       ?configure_argv@__scrt_narrow_argv_policy@@SAHXZ 00401c40 f i MSVCRTD:exe_winmain.obj
 0001:00000c60       ?get_app_type@__scrt_winmain_policy@@SA?AW4_crt_app_type@@XZ 00401c60 f i MSVCRTD:exe_winmain.obj
 0001:00000ca0       _WinMainCRTStartup         00401ca0 f   MSVCRTD:exe_winmain.obj
 0001:00000cb0       ??$__vcrt_va_start_verify_argument_type@QBD@@YAXXZ 00401cb0 f i MSVCRTD:_error_.obj
 0001:00000e10       ?_RTC_AllocaFailure@@YAXPAXPAU_RTC_ALLOCA_NODE@@H@Z 00401e10 f   MSVCRTD:_error_.obj
 0001:00000f30       ?_RTC_Failure@@YAXPAXH@Z   00401f30 f   MSVCRTD:_error_.obj
 0001:00000f80       ?_RTC_StackFailure@@YAXPAXPBD@Z 00401f80 f   MSVCRTD:_error_.obj
 0001:00001320       __RTC_UninitUse            00402320 f   MSVCRTD:_error_.obj
 0001:00001410       ___local_stdio_printf_options 00402410 f i MSVCRTD:_error_.obj
 0001:00001420       __vsprintf_s_l             00402420 f i MSVCRTD:_error_.obj
 0001:00001450       _sprintf_s                 00402450 f i MSVCRTD:_error_.obj
 0001:00001480       ___raise_securityfailure   00402480 f   MSVCRTD:gs_report.obj
 0001:000014b0       ___report_gsfailure        004024b0 f   MSVCRTD:gs_report.obj
 0001:000015c0       ___report_rangecheckfailure 004025c0 f   MSVCRTD:gs_report.obj
 0001:000015d0       ___report_securityfailure  004025d0 f   MSVCRTD:gs_report.obj
 0001:000016b0       ___report_securityfailureEx 004026b0 f   MSVCRTD:gs_report.obj
 0001:000017e0       ?_RTC_GetErrorFunc@@YAP6AHHPBDH00ZZPBX@Z 004027e0 f   MSVCRTD:_userapi_.obj
 0001:000017f0       ?_RTC_GetErrorFuncW@@YAP6AHHPB_WH00ZZPBX@Z 004027f0 f   MSVCRTD:_userapi_.obj
 0001:00001800       __RTC_GetErrDesc           00402800 f   MSVCRTD:_userapi_.obj
 0001:00001820       __RTC_NumErrors            00402820 f   MSVCRTD:_userapi_.obj
 0001:00001830       __RTC_SetErrorFunc         00402830 f   MSVCRTD:_userapi_.obj
 0001:00001850       __RTC_SetErrorFuncW        00402850 f   MSVCRTD:_userapi_.obj
 0001:00001870       __RTC_SetErrorType         00402870 f   MSVCRTD:_userapi_.obj
 0001:000018a0       ??$__crt_fast_decode_pointer@PAP6AXXZ@@YAPAP6AXXZQAP6AXXZ@Z 004028a0 f i MSVCRTD:utility.obj
 0001:000018d0       ??$__crt_fast_encode_pointer@PAP6AXXZ@@YAPAP6AXXZQAP6AXXZ@Z 004028d0 f i MSVCRTD:utility.obj
 0001:00001900       ?__crt_rotate_pointer_value@@YAIIH@Z 00402900 f i MSVCRTD:utility.obj
 0001:00001a10       _NtCurrentTeb              00402a10 f i MSVCRTD:utility.obj
 0001:00001a20       ___scrt_acquire_startup_lock 00402a20 f   MSVCRTD:utility.obj
 0001:00001a70       ___scrt_dllmain_after_initialize_c 00402a70 f   MSVCRTD:utility.obj
 0001:00001aa0       ___scrt_dllmain_before_initialize_c 00402aa0 f   MSVCRTD:utility.obj
 0001:00001ac0       ___scrt_dllmain_crt_thread_attach 00402ac0 f   MSVCRTD:utility.obj
 0001:00001af0       ___scrt_dllmain_crt_thread_detach 00402af0 f   MSVCRTD:utility.obj
 0001:00001b10       ___scrt_dllmain_exception_filter 00402b10 f   MSVCRTD:utility.obj
 0001:00001b60       ___scrt_dllmain_uninitialize_c 00402b60 f   MSVCRTD:utility.obj
 0001:00001b90       ___scrt_dllmain_uninitialize_critical 00402b90 f   MSVCRTD:utility.obj
 0001:00001bb0       ___scrt_initialize_crt     00402bb0 f   MSVCRTD:utility.obj
 0001:00001c00       ___scrt_initialize_onexit_tables 00402c00 f   MSVCRTD:utility.obj
 0001:00001cd0       ___scrt_is_nonwritable_in_current_image 00402cd0 f   MSVCRTD:utility.obj
 0001:00001e00       ___scrt_release_startup_lock 00402e00 f   MSVCRTD:utility.obj
 0001:00001e30       ___scrt_uninitialize_crt   00402e30 f   MSVCRTD:utility.obj
 0001:00001e70       __onexit                   00402e70 f   MSVCRTD:utility.obj
 0001:00001ee0       _at_quick_exit             00402ee0 f   MSVCRTD:utility.obj
 0001:00001f30       _atexit                    00402f30 f   MSVCRTD:utility.obj
 0001:00001f60       ___security_init_cookie    00402f60 f   MSVCRTD:gs_support.obj
 0001:00002040       __matherr                  00403040 f   MSVCRTD:matherr.obj
 0001:00002050       __get_startup_argv_mode    00403050 f   MSVCRTD:argv_mode.obj
 0001:00002060       __get_startup_commit_mode  00403060 f   MSVCRTD:commit_mode.obj
 0001:00002070       __get_startup_file_mode    00403070 f   MSVCRTD:file_mode.obj
 0001:00002080       __get_startup_new_mode     00403080 f   MSVCRTD:new_mode.obj
 0001:00002090       __get_startup_thread_locale_mode 00403090 f   MSVCRTD:thread_locale.obj
 0001:000020a0       ?__scrt_initialize_type_info@@YAXXZ 004030a0 f   MSVCRTD:tncleanup.obj
 0001:000020b0       ?__scrt_uninitialize_type_info@@YAXXZ 004030b0 f   MSVCRTD:tncleanup.obj
 0001:000020d0       __should_initialize_environment 004030d0 f   MSVCRTD:env_mode.obj
 0001:000020e0       __initialize_default_precision 004030e0 f   MSVCRTD:default_precision.obj
 0001:00002110       __initialize_invalid_parameter_handler 00403110 f   MSVCRTD:invalid_parameter_handler.obj
 0001:00002120       __initialize_denormal_control 00403120 f   MSVCRTD:denormal_control.obj
 0001:00002130       ___local_stdio_scanf_options 00403130 f i MSVCRTD:default_local_stdio_options.obj
 0001:00002140       ___scrt_initialize_default_local_stdio_options 00403140 f   MSVCRTD:default_local_stdio_options.obj
 0001:00002180       ___scrt_is_user_matherr_present 00403180 f   MSVCRTD:matherr_detection.obj
 0001:000021b0       ___scrt_get_dyn_tls_init_callback 004031b0 f   MSVCRTD:dyn_tls_init.obj
 0001:000021c0       ___scrt_get_dyn_tls_dtor_callback 004031c0 f   MSVCRTD:dyn_tls_dtor.obj
 0001:000021d0       ___scrt_fastfail           004031d0 f   MSVCRTD:utility_desktop.obj
 0001:00002310       ___scrt_get_show_window_mode 00403310 f   MSVCRTD:utility_desktop.obj
 0001:00002350       ___scrt_initialize_winrt   00403350 f   MSVCRTD:utility_desktop.obj
 0001:00002360       ___scrt_is_managed_app     00403360 f   MSVCRTD:utility_desktop.obj
 0001:000023f0       ___scrt_set_unhandled_exception_filter 004033f0 f   MSVCRTD:utility_desktop.obj
 0001:00002400       ___scrt_unhandled_exception_filter@4 00403400 f   MSVCRTD:utility_desktop.obj
 0001:00002460       __crt_debugger_hook        00403460 f   MSVCRTD:utility_desktop.obj
 0001:00002470       __RTC_Initialize           00403470 f   MSVCRTD:_initsect_.obj
 0001:000024a0       __RTC_Terminate            004034a0 f   MSVCRTD:_initsect_.obj
 0001:000024d0       @_guard_check_icall@4      004034d0 f i MSVCRTD:checkcfg.obj
 0001:000024f0       __except_handler4          004034f0 f   MSVCRTD:_chandler4gs_.obj
 0001:000029b0       ?_RTC_GetSrcLine@@YAHPAEPA_WKPAH1K@Z 004039b0 f   MSVCRTD:_pdblkup_.obj
 0001:00002d10       ___isa_available_init      00403d10 f   MSVCRTD:_cpu_disp_.obj
 0001:00002ff0       ___scrt_is_ucrt_dll_in_use 00403ff0 f   MSVCRTD:ucrt_detection.obj
 0001:00003020       @_guard_check_icall_nop@4  00404020 f i MSVCRTD:guard_support.obj
 0001:00003030       __guard_icall_checks_enforced 00404030 f i MSVCRTD:guard_support.obj
 0001:00003058       ___std_type_info_destroy_list 00404058 f   vcruntimed:VCRUNTIME140D.dll
 0001:0000305e       _memset                    0040405e f   vcruntimed:VCRUNTIME140D.dll
 0001:00003064       __except_handler4_common   00404064 f   vcruntimed:VCRUNTIME140D.dll
 0001:0000306a       ___vcrt_GetModuleFileNameW 0040406a f   vcruntimed:VCRUNTIME140D.dll
 0001:00003070       ___vcrt_GetModuleHandleW   00404070 f   vcruntimed:VCRUNTIME140D.dll
 0001:00003076       ___vcrt_LoadLibraryExW     00404076 f   vcruntimed:VCRUNTIME140D.dll
 0001:0000307c       __CrtDbgReport             0040407c f   ucrtd:ucrtbased.dll
 0001:00003082       __CrtDbgReportW            00404082 f   ucrtd:ucrtbased.dll
 0001:00003088       __seh_filter_exe           00404088 f   ucrtd:ucrtbased.dll
 0001:0000308e       __set_app_type             0040408e f   ucrtd:ucrtbased.dll
 0001:00003094       ___setusermatherr          00404094 f   ucrtd:ucrtbased.dll
 0001:0000309a       __configure_narrow_argv    0040409a f   ucrtd:ucrtbased.dll
 0001:000030a0       __initialize_narrow_environment 004040a0 f   ucrtd:ucrtbased.dll
 0001:000030a6       __get_narrow_winmain_command_line 004040a6 f   ucrtd:ucrtbased.dll
 0001:000030ac       __initterm                 004040ac f   ucrtd:ucrtbased.dll
 0001:000030b2       __initterm_e               004040b2 f   ucrtd:ucrtbased.dll
 0001:000030b8       _exit                      004040b8 f   ucrtd:ucrtbased.dll
 0001:000030be       __exit                     004040be f   ucrtd:ucrtbased.dll
 0001:000030c4       __set_fmode                004040c4 f   ucrtd:ucrtbased.dll
 0001:000030ca       __cexit                    004040ca f   ucrtd:ucrtbased.dll
 0001:000030d0       __c_exit                   004040d0 f   ucrtd:ucrtbased.dll
 0001:000030d6       __register_thread_local_exe_atexit_callback 004040d6 f   ucrtd:ucrtbased.dll
 0001:000030dc       __configthreadlocale       004040dc f   ucrtd:ucrtbased.dll
 0001:000030e2       __set_new_mode             004040e2 f   ucrtd:ucrtbased.dll
 0001:000030e8       ___p__commode              004040e8 f   ucrtd:ucrtbased.dll
 0001:000030ee       ___stdio_common_vsprintf_s 004040ee f   ucrtd:ucrtbased.dll
 0001:000030f4       __seh_filter_dll           004040f4 f   ucrtd:ucrtbased.dll
 0001:000030fa       __initialize_onexit_table  004040fa f   ucrtd:ucrtbased.dll
 0001:00003100       __register_onexit_function 00404100 f   ucrtd:ucrtbased.dll
 0001:00003106       __execute_onexit_table     00404106 f   ucrtd:ucrtbased.dll
 0001:0000310c       __crt_atexit               0040410c f   ucrtd:ucrtbased.dll
 0001:00003112       __crt_at_quick_exit        00404112 f   ucrtd:ucrtbased.dll
 0001:00003118       __controlfp_s              00404118 f   ucrtd:ucrtbased.dll
 0001:0000311e       _terminate                 0040411e f   ucrtd:ucrtbased.dll
 0001:00003124       __wmakepath_s              00404124 f   ucrtd:ucrtbased.dll
 0001:0000312a       __wsplitpath_s             0040412a f   ucrtd:ucrtbased.dll
 0001:00003130       _wcscpy_s                  00404130 f   ucrtd:ucrtbased.dll
 0001:00003136       _IsDebuggerPresent@0       00404136 f   kernel32:KERNEL32.dll
 0001:0000313c       _RaiseException@16         0040413c f   kernel32:KERNEL32.dll
 0001:00003142       _MultiByteToWideChar@24    00404142 f   kernel32:KERNEL32.dll
 0001:00003148       _WideCharToMultiByte@32    00404148 f   kernel32:KERNEL32.dll
 0001:0000314e       _UnhandledExceptionFilter@4 0040414e f   kernel32:KERNEL32.dll
 0001:00003154       _SetUnhandledExceptionFilter@4 00404154 f   kernel32:KERNEL32.dll
 0001:0000315a       _GetCurrentProcess@0       0040415a f   kernel32:KERNEL32.dll
 0001:00003160       _TerminateProcess@8        00404160 f   kernel32:KERNEL32.dll
 0001:00003166       _IsProcessorFeaturePresent@4 00404166 f   kernel32:KERNEL32.dll
 0001:0000316c       _QueryPerformanceCounter@4 0040416c f   kernel32:KERNEL32.dll
 0001:00003172       _GetCurrentProcessId@0     00404172 f   kernel32:KERNEL32.dll
 0001:00003178       _GetCurrentThreadId@0      00404178 f   kernel32:KERNEL32.dll
 0001:0000317e       _GetSystemTimeAsFileTime@4 0040417e f   kernel32:KERNEL32.dll
 0001:00003184       _InitializeSListHead@4     00404184 f   kernel32:KERNEL32.dll
 0001:0000318a       _GetStartupInfoW@4         0040418a f   kernel32:KERNEL32.dll
 0001:00003190       _GetModuleHandleW@4        00404190 f   kernel32:KERNEL32.dll
 0001:00003196       _GetLastError@0            00404196 f   kernel32:KERNEL32.dll
 0001:0000319c       _HeapAlloc@12              0040419c f   kernel32:KERNEL32.dll
 0001:000031a2       _HeapFree@12               004041a2 f   kernel32:KERNEL32.dll
 0001:000031a8       _GetProcessHeap@0          004041a8 f   kernel32:KERNEL32.dll
 0001:000031ae       _VirtualQuery@12           004041ae f   kernel32:KERNEL32.dll
 0001:000031b4       _FreeLibrary@4             004041b4 f   kernel32:KERNEL32.dll
 0001:000031ba       _GetProcAddress@8          004041ba f   kernel32:KERNEL32.dll
 0001:000031c0       ___vcrt_initialize         004041c0 f   MSVCRTD:ucrt_stubs.obj
 0001:000031c0       ___scrt_stub_for_acrt_initialize 004041c0 f   MSVCRTD:ucrt_stubs.obj
 0001:000031c0       ___acrt_initialize         004041c0 f   MSVCRTD:ucrt_stubs.obj
 0001:000031d0       ___vcrt_thread_attach      004041d0 f   MSVCRTD:ucrt_stubs.obj
 0001:000031d0       ___acrt_thread_attach      004041d0 f   MSVCRTD:ucrt_stubs.obj
 0001:000031d0       ___scrt_stub_for_acrt_thread_attach 004041d0 f   MSVCRTD:ucrt_stubs.obj
 0001:000031e0       ___vcrt_thread_detach      004041e0 f   MSVCRTD:ucrt_stubs.obj
 0001:000031e0       ___acrt_thread_detach      004041e0 f   MSVCRTD:ucrt_stubs.obj
 0001:000031e0       ___scrt_stub_for_acrt_thread_detach 004041e0 f   MSVCRTD:ucrt_stubs.obj
 0001:000031f0       ___scrt_stub_for_acrt_uninitialize 004041f0 f   MSVCRTD:ucrt_stubs.obj
 0001:000031f0       ___acrt_uninitialize       004041f0 f   MSVCRTD:ucrt_stubs.obj
 0001:000031f0       ___vcrt_uninitialize       004041f0 f   MSVCRTD:ucrt_stubs.obj
 0001:00003200       ___scrt_stub_for_acrt_uninitialize_critical 00404200 f   MSVCRTD:ucrt_stubs.obj
 0001:00003200       ___vcrt_uninitialize_critical 00404200 f   MSVCRTD:ucrt_stubs.obj
 0001:00003200       ___acrt_uninitialize_critical 00404200 f   MSVCRTD:ucrt_stubs.obj
 0001:00003210       ___scrt_stub_for_is_c_termination_complete 00404210 f   MSVCRTD:ucrt_stubs.obj
 0001:00003210       __is_c_termination_complete 00404210 f   MSVCRTD:ucrt_stubs.obj
 0002:00000000       __imp__StretchDIBits@52    00405000     gdi32:GDI32.dll
 0002:00000004       \177GDI32_NULL_THUNK_DATA  00405004     gdi32:GDI32.dll
 0002:00000008       __imp__VirtualFree@12      00405008     kernel32:KERNEL32.dll
 0002:0000000c       __imp__FreeLibrary@4       0040500c     kernel32:KERNEL32.dll
 0002:00000010       __imp__VirtualQuery@12     00405010     kernel32:KERNEL32.dll
 0002:00000014       __imp__GetProcessHeap@0    00405014     kernel32:KERNEL32.dll
 0002:00000018       __imp__HeapFree@12         00405018     kernel32:KERNEL32.dll
 0002:0000001c       __imp__VirtualAlloc@16     0040501c     kernel32:KERNEL32.dll
 0002:00000020       __imp__GetLastError@0      00405020     kernel32:KERNEL32.dll
 0002:00000024       __imp__GetModuleHandleW@4  00405024     kernel32:KERNEL32.dll
 0002:00000028       __imp__GetStartupInfoW@4   00405028     kernel32:KERNEL32.dll
 0002:0000002c       __imp__InitializeSListHead@4 0040502c     kernel32:KERNEL32.dll
 0002:00000030       __imp__GetSystemTimeAsFileTime@4 00405030     kernel32:KERNEL32.dll
 0002:00000034       __imp__GetCurrentThreadId@0 00405034     kernel32:KERNEL32.dll
 0002:00000038       __imp__HeapAlloc@12        00405038     kernel32:KERNEL32.dll
 0002:0000003c       __imp__OutputDebugStringA@4 0040503c     kernel32:KERNEL32.dll
 0002:00000040       __imp__GetCurrentProcessId@0 00405040     kernel32:KERNEL32.dll
 0002:00000044       __imp__QueryPerformanceCounter@4 00405044     kernel32:KERNEL32.dll
 0002:00000048       __imp__IsProcessorFeaturePresent@4 00405048     kernel32:KERNEL32.dll
 0002:0000004c       __imp__TerminateProcess@8  0040504c     kernel32:KERNEL32.dll
 0002:00000050       __imp__GetCurrentProcess@0 00405050     kernel32:KERNEL32.dll
 0002:00000054       __imp__SetUnhandledExceptionFilter@4 00405054     kernel32:KERNEL32.dll
 0002:00000058       __imp__UnhandledExceptionFilter@4 00405058     kernel32:KERNEL32.dll
 0002:0000005c       __imp__WideCharToMultiByte@32 0040505c     kernel32:KERNEL32.dll
 0002:00000060       __imp__MultiByteToWideChar@24 00405060     kernel32:KERNEL32.dll
 0002:00000064       __imp__RaiseException@16   00405064     kernel32:KERNEL32.dll
 0002:00000068       __imp__IsDebuggerPresent@0 00405068     kernel32:KERNEL32.dll
 0002:0000006c       __imp__GetProcAddress@8    0040506c     kernel32:KERNEL32.dll
 0002:00000070       \177KERNEL32_NULL_THUNK_DATA 00405070     kernel32:KERNEL32.dll
 0002:00000074       __imp__GetMessageA@16      00405074     user32:USER32.dll
 0002:00000078       __imp__DispatchMessageA@4  00405078     user32:USER32.dll
 0002:0000007c       __imp__DefWindowProcA@16   0040507c     user32:USER32.dll
 0002:00000080       __imp__RegisterClassA@4    00405080     user32:USER32.dll
 0002:00000084       __imp__CreateWindowExA@48  00405084     user32:USER32.dll
 0002:00000088       __imp__BeginPaint@8        00405088     user32:USER32.dll
 0002:0000008c       __imp__EndPaint@8          0040508c     user32:USER32.dll
 0002:00000090       __imp__GetClientRect@8     00405090     user32:USER32.dll
 0002:00000094       __imp__MessageBoxA@16      00405094     user32:USER32.dll
 0002:00000098       __imp__TranslateMessage@4  00405098     user32:USER32.dll
 0002:0000009c       \177USER32_NULL_THUNK_DATA 0040509c     user32:USER32.dll
 0002:000000a0       __imp____std_type_info_destroy_list 004050a0     vcruntimed:VCRUNTIME140D.dll
 0002:000000a4       __imp___except_handler4_common 004050a4     vcruntimed:VCRUNTIME140D.dll
 0002:000000a8       __imp____vcrt_GetModuleFileNameW 004050a8     vcruntimed:VCRUNTIME140D.dll
 0002:000000ac       __imp____vcrt_GetModuleHandleW 004050ac     vcruntimed:VCRUNTIME140D.dll
 0002:000000b0       __imp____vcrt_LoadLibraryExW 004050b0     vcruntimed:VCRUNTIME140D.dll
 0002:000000b4       __imp__memset              004050b4     vcruntimed:VCRUNTIME140D.dll
 0002:000000b8       \177VCRUNTIME140D_NULL_THUNK_DATA 004050b8     vcruntimed:VCRUNTIME140D.dll
 0002:000000bc       __imp___execute_onexit_table 004050bc     ucrtd:ucrtbased.dll
 0002:000000c0       __imp___crt_atexit         004050c0     ucrtd:ucrtbased.dll
 0002:000000c4       __imp___crt_at_quick_exit  004050c4     ucrtd:ucrtbased.dll
 0002:000000c8       __imp___controlfp_s        004050c8     ucrtd:ucrtbased.dll
 0002:000000cc       __imp__terminate           004050cc     ucrtd:ucrtbased.dll
 0002:000000d0       __imp___wmakepath_s        004050d0     ucrtd:ucrtbased.dll
 0002:000000d4       __imp___register_onexit_function 004050d4     ucrtd:ucrtbased.dll
 0002:000000d8       __imp__wcscpy_s            004050d8     ucrtd:ucrtbased.dll
 0002:000000dc       __imp___set_app_type       004050dc     ucrtd:ucrtbased.dll
 0002:000000e0       __imp___seh_filter_exe     004050e0     ucrtd:ucrtbased.dll
 0002:000000e4       __imp___CrtDbgReportW      004050e4     ucrtd:ucrtbased.dll
 0002:000000e8       __imp___CrtDbgReport       004050e8     ucrtd:ucrtbased.dll
 0002:000000ec       __imp___initialize_onexit_table 004050ec     ucrtd:ucrtbased.dll
 0002:000000f0       __imp___seh_filter_dll     004050f0     ucrtd:ucrtbased.dll
 0002:000000f4       __imp____stdio_common_vsprintf_s 004050f4     ucrtd:ucrtbased.dll
 0002:000000f8       __imp____p__commode        004050f8     ucrtd:ucrtbased.dll
 0002:000000fc       __imp___set_new_mode       004050fc     ucrtd:ucrtbased.dll
 0002:00000100       __imp____setusermatherr    00405100     ucrtd:ucrtbased.dll
 0002:00000104       __imp___configthreadlocale 00405104     ucrtd:ucrtbased.dll
 0002:00000108       __imp___c_exit             00405108     ucrtd:ucrtbased.dll
 0002:0000010c       __imp___cexit              0040510c     ucrtd:ucrtbased.dll
 0002:00000110       __imp___set_fmode          00405110     ucrtd:ucrtbased.dll
 0002:00000114       __imp___exit               00405114     ucrtd:ucrtbased.dll
 0002:00000118       __imp__exit                00405118     ucrtd:ucrtbased.dll
 0002:0000011c       __imp___initterm_e         0040511c     ucrtd:ucrtbased.dll
 0002:00000120       __imp___initterm           00405120     ucrtd:ucrtbased.dll
 0002:00000124       __imp___get_narrow_winmain_command_line 00405124     ucrtd:ucrtbased.dll
 0002:00000128       __imp___initialize_narrow_environment 00405128     ucrtd:ucrtbased.dll
 0002:0000012c       __imp___wsplitpath_s       0040512c     ucrtd:ucrtbased.dll
 0002:00000130       __imp___configure_narrow_argv 00405130     ucrtd:ucrtbased.dll
 0002:00000134       __imp___register_thread_local_exe_atexit_callback 00405134     ucrtd:ucrtbased.dll
 0002:00000138       \177ucrtbased_NULL_THUNK_DATA 00405138     ucrtd:ucrtbased.dll
 0002:0000013c       ___guard_check_icall_fptr  0040513c     MSVCRTD:guard_support.obj
 0002:00000140       ___xc_a                    00405140     MSVCRTD:initializers.obj
 0002:00000148       ___xc_z                    00405148     MSVCRTD:initializers.obj
 0002:0000014c       ___xi_a                    0040514c     MSVCRTD:initializers.obj
 0002:00000158       ___xi_z                    00405158     MSVCRTD:initializers.obj
 0002:0000015c       ___xp_a                    0040515c     MSVCRTD:initializers.obj
 0002:00000160       ___xp_z                    00405160     MSVCRTD:initializers.obj
 0002:00000164       ___xt_a                    00405164     MSVCRTD:initializers.obj
 0002:00000168       ___xt_z                    00405168     MSVCRTD:initializers.obj
 0002:00000170       ??_C@_0M@OGANANAC@WM_DESTROY?6?$AA@ 00405170     win32_handmade.obj
 0002:0000017c       ??_C@_09GGLKGCAE@WM_CLOSE?6?$AA@ 0040517c     win32_handmade.obj
 0002:00000188       ??_C@_08CIKHGLDE@WM_QUIT?6?$AA@ 00405188     win32_handmade.obj
 0002:00000194       ??_C@_0BA@LIBNEJNG@WM_ACTIVATEAPP?6?$AA@ 00405194     win32_handmade.obj
 0002:000001a4       ??_C@_09LMMFEECM@WM_PAINT?6?$AA@ 004051a4     win32_handmade.obj
 0002:000001b0       ??_C@_0P@EDKCKOAO@hmhWindowClass?$AA@ 004051b0     win32_handmade.obj
 0002:000001c0       ??_C@_0BD@JMDKAHFN@Handmade?5Hero?5v0?41?$AA@ 004051c0     win32_handmade.obj
 0002:000001d4       ??_C@_0BG@KHEJAAGL@This?5is?5Handmade?5Hero?$AA@ 004051d4     win32_handmade.obj
 0002:00000288       ??_C@_0NN@NGPKDKPD@The?5value?5of?5ESP?5was?5not?5properl@ 00405288     MSVCRTD:_error_.obj
 0002:00000368       ??_C@_0BBN@GPMLNJCF@A?5cast?5to?5a?5smaller?5data?5type?5ha@ 00405368     MSVCRTD:_error_.obj
 0002:00000488       ??_C@_0BN@FFOINMNJ@Stack?5memory?5was?5corrupted?6?$AN?$AA@ 00405488     MSVCRTD:_error_.obj
 0002:000004a8       ??_C@_0DG@HKJMLLLP@A?5local?5variable?5was?5used?5before@ 004054a8     MSVCRTD:_error_.obj
 0002:000004e0       ??_C@_0CM@NGINOKPC@Stack?5memory?5around?5_alloca?5was?5@ 004054e0     MSVCRTD:_error_.obj
 0002:0000050c       ??_C@_0BO@GNIAFIKK@Unknown?5Runtime?5Check?5Error?6?$AN?$AA@ 0040550c     MSVCRTD:_error_.obj
 0002:00000530       ??_C@_1GM@OLMCBDMB@?$AAR?$AAu?$AAn?$AAt?$AAi?$AAm?$AAe?$AA?5?$AAC?$AAh?$AAe?$AAc?$AAk?$AA?5?$AAE?$AAr?$AAr?$AAo?$AAr?$AA?4?$AA?6?$AA?$AN?$AA?5?$AAU?$AAn?$AAa?$AAb?$AAl?$AAe?$AA?5?$AAt?$AAo@ 00405530     MSVCRTD:_error_.obj
 0002:000005a0       ??_C@_1EA@NFKNIFJP@?$AAR?$AAu?$AAn?$AA?9?$AAT?$AAi?$AAm?$AAe?$AA?5?$AAC?$AAh?$AAe?$AAc?$AAk?$AA?5?$AAF?$AAa?$AAi?$AAl?$AAu?$AAr?$AAe?$AA?5?$AA?$CD?$AA?$CF?$AAd?$AA?5?$AA?9?$AA?5?$AA?$CF?$AAs?$AA?$AA@ 004055a0     MSVCRTD:_error_.obj
 0002:000005e0       ??_C@_0BB@PFFGGCJP@Unknown?5Filename?$AA@ 004055e0     MSVCRTD:_error_.obj
 0002:000005f4       ??_C@_0BE@GNBOBNCK@Unknown?5Module?5Name?$AA@ 004055f4     MSVCRTD:_error_.obj
 0002:00000608       ??_C@_0CA@IODNCDPG@Run?9Time?5Check?5Failure?5?$CD?$CFd?5?9?5?$CFs?$AA@ 00405608     MSVCRTD:_error_.obj
 0002:00000628       ??_C@_0CG@IAFNJNEE@Stack?5corrupted?5near?5unknown?5var@ 00405628     MSVCRTD:_error_.obj
 0002:00000650       ??_C@_05MKKEDADM@?$CF?42X?5?$AA@ 00405650     MSVCRTD:_error_.obj
 0002:00000658       ??_C@_0EJ@LJKNEOLN@Stack?5area?5around?5_alloca?5memory@ 00405658     MSVCRTD:_error_.obj
 0002:000006a4       ??_C@_08OMAHNMHJ@?6Data?3?5?$DM?$AA@ 004056a4     MSVCRTD:_error_.obj
 0002:000006b0       ??_C@_0CK@DKGBICFE@?6Allocation?5number?5within?5this?5f@ 004056b0     MSVCRTD:_error_.obj
 0002:000006dc       ??_C@_07DFDJCKFN@?6Size?3?5?$AA@ 004056dc     MSVCRTD:_error_.obj
 0002:000006e4       ??_C@_0N@MHFFIMFG@?6Address?3?50x?$AA@ 004056e4     MSVCRTD:_error_.obj
 0002:000006f8       ??_C@_0EI@CLEPFNGI@Stack?5area?5around?5_alloca?5memory@ 004056f8     MSVCRTD:_error_.obj
 0002:00000740       ??_C@_0BC@HHMKLAND@?$CFs?$CFs?$CFp?$CFs?$CFzd?$CFs?$CFd?$CFs?$AA@ 00405740     MSVCRTD:_error_.obj
 0002:00000754       ??_C@_01EEMJAFIK@?6?$AA@   00405754     MSVCRTD:_error_.obj
 0002:00000758       ??_C@_02LLMPMKNF@?$DO?5?$AA@ 00405758     MSVCRTD:_error_.obj
 0002:0000075c       ??_C@_08KJEDNCKC@?$CFs?$CFs?$CFs?$CFs?$AA@ 0040575c     MSVCRTD:_error_.obj
 0002:00000768       ??_C@_0DE@OHJBPMBP@A?5variable?5is?5being?5used?5without@ 00405768     MSVCRTD:_error_.obj
 0002:000007b8       ??_C@_0BJ@HEGAHDFO@Stack?5pointer?5corruption?$AA@ 004057b8     MSVCRTD:_userapi_.obj
 0002:000007d4       ??_C@_0CK@FEGOIOPB@Cast?5to?5smaller?5type?5causing?5los@ 004057d4     MSVCRTD:_userapi_.obj
 0002:00000800       ??_C@_0BI@CIGMDCBH@Stack?5memory?5corruption?$AA@ 00405800     MSVCRTD:_userapi_.obj
 0002:00000818       ??_C@_0CK@CNLNOEPB@Local?5variable?5used?5before?5initi@ 00405818     MSVCRTD:_userapi_.obj
 0002:00000844       ??_C@_0BP@OGBCLIBO@Stack?5around?5_alloca?5corrupted?$AA@ 00405844     MSVCRTD:_userapi_.obj
 0002:000008b0       ??_C@_1EI@MLPKHBGE@?$AAa?$AAp?$AAi?$AA?9?$AAm?$AAs?$AA?9?$AAw?$AAi?$AAn?$AA?9?$AAc?$AAo?$AAr?$AAe?$AA?9?$AAr?$AAe?$AAg?$AAi?$AAs?$AAt?$AAr?$AAy?$AA?9?$AAl?$AA1?$AA?9?$AA1?$AA?9?$AA0?$AA?4@ 004058b0     MSVCRTD:_pdblkup_.obj
 0002:000008f8       ??_C@_1BK@JHLNAEJL@?$AAa?$AAd?$AAv?$AAa?$AAp?$AAi?$AA3?$AA2?$AA?4?$AAd?$AAl?$AAl?$AA?$AA@ 004058f8     MSVCRTD:_pdblkup_.obj
 0002:00000914       ??_C@_0O@COHOBMLB@RegOpenKeyExW?$AA@ 00405914     MSVCRTD:_pdblkup_.obj
 0002:00000924       ??_C@_0BB@GLNAEDBD@RegQueryValueExW?$AA@ 00405924     MSVCRTD:_pdblkup_.obj
 0002:00000938       ??_C@_0M@HLOHPNFA@RegCloseKey?$AA@ 00405938     MSVCRTD:_pdblkup_.obj
 0002:00000948       ??_C@_1HE@EBEAGLFB@?$AAS?$AAO?$AAF?$AAT?$AAW?$AAA?$AAR?$AAE?$AA?2?$AAW?$AAo?$AAw?$AA6?$AA4?$AA3?$AA2?$AAN?$AAo?$AAd?$AAe?$AA?2?$AAM?$AAi?$AAc?$AAr?$AAo?$AAs?$AAo?$AAf?$AAt?$AA?2?$AAV@ 00405948     MSVCRTD:_pdblkup_.obj
 0002:000009bc       ??_C@_1BG@EABPBLLF@?$AAP?$AAr?$AAo?$AAd?$AAu?$AAc?$AAt?$AAD?$AAi?$AAr?$AA?$AA@ 004059bc     MSVCRTD:_pdblkup_.obj
 0002:000009f0       ??_C@_1BC@JINFINNJ@?$AAM?$AAS?$AAP?$AAD?$AAB?$AA1?$AA4?$AA0?$AA?$AA@ 004059f0     MSVCRTD:_pdblkup_.obj
 0002:00000a04       ??_C@_0BB@KCIACLNC@PDBOpenValidate5?$AA@ 00405a04     MSVCRTD:_pdblkup_.obj
 0002:00000a18       ??_C@_01KDCPPGHE@r?$AA@    00405a18     MSVCRTD:_pdblkup_.obj
 0002:00000a78       __load_config_used         00405a78     MSVCRTD:loadcfg.obj
 0002:00000ae0       ___safe_se_handler_table   00405ae0     <linker-defined>
 0002:00000df8       ___rtc_iaa                 00405df8     MSVCRTD:_initsect_.obj
 0002:00000e00       ___rtc_izz                 00405e00     MSVCRTD:_initsect_.obj
 0002:00000e04       ___rtc_taa                 00405e04     MSVCRTD:_initsect_.obj
 0002:00000e0c       ___rtc_tzz                 00405e0c     MSVCRTD:_initsect_.obj
 0002:00000e8c       __IMPORT_DESCRIPTOR_KERNEL32 00405e8c     kernel32:KERNEL32.dll
 0002:00000ea0       __IMPORT_DESCRIPTOR_USER32 00405ea0     user32:USER32.dll
 0002:00000eb4       __IMPORT_DESCRIPTOR_GDI32  00405eb4     gdi32:GDI32.dll
 0002:00000ec8       __IMPORT_DESCRIPTOR_VCRUNTIME140D 00405ec8     vcruntimed:VCRUNTIME140D.dll
 0002:00000edc       __IMPORT_DESCRIPTOR_ucrtbased 00405edc     ucrtd:ucrtbased.dll
 0002:00000ef0       __NULL_IMPORT_DESCRIPTOR   00405ef0     kernel32:KERNEL32.dll
 0003:00000000       ___security_cookie_complement 00407000     MSVCRTD:gs_cookie.obj
 0003:00000004       ___security_cookie         00407004     MSVCRTD:gs_cookie.obj
 0003:00000008       ?_RTC_ErrorLevels@@3PAHA   00407008     MSVCRTD:_error_.obj
 0003:0000001c       ___scrt_native_dllmain_reason 0040701c     MSVCRTD:utility.obj
 0003:00000020       ___scrt_default_matherr    00407020     MSVCRTD:matherr.obj
 0003:00000024       ___isa_enabled             00407024     MSVCRTD:_cpu_disp_.obj
 0003:00000028       ___scrt_ucrt_dll_is_in_use 00407028     MSVCRTD:ucrt_stubs.obj
 0003:00000070       ?_OptionsStorage@?1??__local_stdio_printf_options@@9@4_KA 00407070     MSVCRTD:_error_.obj
 0003:0000039c       ___scrt_current_native_startup_state 0040739c     MSVCRTD:utility.obj
 0003:000003a0       ___scrt_native_startup_lock 004073a0     MSVCRTD:utility.obj
 0003:000003c0       ?__type_info_root_node@@3U__type_info_node@@A 004073c0     MSVCRTD:tncleanup.obj
 0003:000003c8       ?_OptionsStorage@?1??__local_stdio_scanf_options@@9@4_KA 004073c8     MSVCRTD:default_local_stdio_options.obj
 0003:000003d0       ___scrt_debugger_hook_flag 004073d0     MSVCRTD:utility_desktop.obj
 0003:000003dc       ___isa_available           004073dc     MSVCRTD:_cpu_disp_.obj
 0003:000003e0       ___favor                   004073e0     MSVCRTD:_cpu_disp_.obj
 0003:000003e4       ___dyn_tls_dtor_callback   004073e4     <common>
 0003:000003e8       ___dyn_tls_init_callback   004073e8     <common>

 entry point at        0001:00000ca0

 Static symbols

 0000:ffff5000       .debug$S                   00400000     ucrtd:ucrtbased.dll
 0000:ffff5000       .debug$S                   00400000     vcruntimed:VCRUNTIME140D.dll
 0000:ffff5000       .debug$S                   00400000     vcruntimed:VCRUNTIME140D.dll
 0000:ffff5000       .debug$S                   00400000     vcruntimed:VCRUNTIME140D.dll
 0000:ffff5000       .debug$S                   00400000     vcruntimed:VCRUNTIME140D.dll
 0000:ffff5000       .debug$S                   00400000     ucrtd:ucrtbased.dll
 0000:ffff5000       .debug$S                   00400000     vcruntimed:VCRUNTIME140D.dll
 0000:ffff5000       .debug$S                   00400000     ucrtd:ucrtbased.dll
 0000:ffff5000       .debug$S                   00400000     ucrtd:ucrtbased.dll
 0000:ffff5000       .debug$S                   00400000     ucrtd:ucrtbased.dll
 0000:ffff5000       .debug$S                   00400000     ucrtd:ucrtbased.dll
 0000:ffff5000       .debug$S                   00400000     ucrtd:ucrtbased.dll
 0000:ffff5000       .debug$S                   00400000     ucrtd:ucrtbased.dll
 0000:ffff5000       .debug$S                   00400000     ucrtd:ucrtbased.dll
 0000:ffff5000       .debug$S                   00400000     ucrtd:ucrtbased.dll
 0000:ffff5000       .debug$S                   00400000     ucrtd:ucrtbased.dll
 0000:ffff5000       .debug$S                   00400000     ucrtd:ucrtbased.dll
 0000:ffff5000       .debug$S                   00400000     ucrtd:ucrtbased.dll
 0000:ffff5000       .debug$S                   00400000     ucrtd:ucrtbased.dll
 0000:ffff5000       .debug$S                   00400000     ucrtd:ucrtbased.dll
 0000:ffff5000       .debug$S                   00400000     ucrtd:ucrtbased.dll
 0000:ffff5000       .debug$S                   00400000     kernel32:KERNEL32.dll
 0000:ffff5000       .debug$S                   00400000     kernel32:KERNEL32.dll
 0000:ffff5000       .debug$S                   00400000     kernel32:KERNEL32.dll
 0000:ffff5000       .debug$S                   00400000     kernel32:KERNEL32.dll
 0000:ffff5000       .debug$S                   00400000     kernel32:KERNEL32.dll
 0000:ffff5000       .debug$S                   00400000     kernel32:KERNEL32.dll
 0000:ffff5000       .debug$S                   00400000     kernel32:KERNEL32.dll
 0000:ffff5000       .debug$S                   00400000     kernel32:KERNEL32.dll
 0000:ffff5000       .debug$S                   00400000     kernel32:KERNEL32.dll
 0000:ffff5000       .debug$S                   00400000     kernel32:KERNEL32.dll
 0000:ffff5000       .debug$S                   00400000     kernel32:KERNEL32.dll
 0000:ffff5000       .debug$S                   00400000     kernel32:KERNEL32.dll
 0000:ffff5000       .debug$S                   00400000     kernel32:KERNEL32.dll
 0000:ffff5000       .debug$S                   00400000     kernel32:KERNEL32.dll
 0000:ffff5000       .debug$S                   00400000     kernel32:KERNEL32.dll
 0000:ffff5000       .debug$S                   00400000     kernel32:KERNEL32.dll
 0000:ffff5000       .debug$S                   00400000     kernel32:KERNEL32.dll
 0000:ffff5000       .debug$S                   00400000     kernel32:KERNEL32.dll
 0000:ffff5000       .debug$S                   00400000     kernel32:KERNEL32.dll
 0000:ffff5000       .debug$S                   00400000     kernel32:KERNEL32.dll
 0000:ffff5000       .debug$S                   00400000     kernel32:KERNEL32.dll
 0000:ffff5000       .debug$S                   00400000     kernel32:KERNEL32.dll
 0000:ffff5000       .debug$S                   00400000     kernel32:KERNEL32.dll
 0000:ffff5000       .debug$S                   00400000     kernel32:KERNEL32.dll
 0000:ffff5000       .debug$S                   00400000     kernel32:KERNEL32.dll
 0000:ffff5000       .debug$S                   00400000     kernel32:KERNEL32.dll
 0000:ffff5000       .debug$S                   00400000     ucrtd:ucrtbased.dll
 0000:ffff5000       .debug$S                   00400000     user32:USER32.dll
 0000:ffff5000       .debug$S                   00400000     user32:USER32.dll
 0000:ffff5000       .debug$S                   00400000     user32:USER32.dll
 0000:ffff5000       .debug$S                   00400000     user32:USER32.dll
 0000:ffff5000       .debug$S                   00400000     user32:USER32.dll
 0000:ffff5000       .debug$S                   00400000     user32:USER32.dll
 0000:ffff5000       .debug$S                   00400000     user32:USER32.dll
 0000:ffff5000       .debug$S                   00400000     user32:USER32.dll
 0000:ffff5000       .debug$S                   00400000     user32:USER32.dll
 0000:ffff5000       .debug$S                   00400000     user32:USER32.dll
 0000:ffff5000       .debug$S                   00400000     ucrtd:ucrtbased.dll
 0000:ffff5000       .debug$S                   00400000     gdi32:GDI32.dll
 0000:ffff5000       .debug$S                   00400000     ucrtd:ucrtbased.dll
 0000:ffff5000       .debug$S                   00400000     vcruntimed:VCRUNTIME140D.dll
 0000:ffff5000       .debug$S                   00400000     ucrtd:ucrtbased.dll
 0000:ffff5000       .debug$S                   00400000     ucrtd:ucrtbased.dll
 0000:ffff5000       .debug$S                   00400000     ucrtd:ucrtbased.dll
 0000:ffff5000       .debug$S                   00400000     ucrtd:ucrtbased.dll
 0000:ffff5000       .debug$S                   00400000     ucrtd:ucrtbased.dll
 0000:ffff5000       .debug$S                   00400000     ucrtd:ucrtbased.dll
 0000:ffff5000       .debug$S                   00400000     ucrtd:ucrtbased.dll
 0000:ffff5000       .debug$S                   00400000     ucrtd:ucrtbased.dll
 0000:ffff5000       .debug$S                   00400000     ucrtd:ucrtbased.dll
 0000:ffff5000       .debug$S                   00400000     ucrtd:ucrtbased.dll
 0000:ffff5000       .debug$S                   00400000     ucrtd:ucrtbased.dll
 0000:ffff5000       .debug$S                   00400000     ucrtd:ucrtbased.dll
 0001:00000234       $LN17                      00401234     win32_handmade.obj
 0001:0000023c       $LN16                      0040123c     win32_handmade.obj
 0001:00000260       $LN15                      00401260     win32_handmade.obj
 0001:0000026b       $LN14                      0040126b     win32_handmade.obj
 0001:00000271       $LN13                      00401271     win32_handmade.obj
 0001:0000027c       $LN18                      0040127c     win32_handmade.obj
 0001:00000298       $LN12                      00401298     win32_handmade.obj
 0001:000002c0       ?Win32ResizeDIBSection@@YAXHH@Z 004012c0 f   win32_handmade.obj
 0001:00000440       ?Win32UpdateWindow@@YAXPAUHDC__@@PAUtagRECT@@HHHH@Z 00401440 f   win32_handmade.obj
 0001:00000658       $LN14                      00401658     win32_handmade.obj
 0001:00000660       $LN13                      00401660     win32_handmade.obj
 0001:00000678       $LN12                      00401678     win32_handmade.obj
 0001:00000680       $LN11                      00401680     win32_handmade.obj
 0001:00000930       ?pre_c_initialization@@YAHXZ 00401930 f   MSVCRTD:exe_winmain.obj
 0001:000009f0       ?post_pgo_initialization@@YAHXZ 004019f0 f   MSVCRTD:exe_winmain.obj
 0001:00000a00       ?pre_cpp_initialization@@YAXXZ 00401a00 f   MSVCRTD:exe_winmain.obj
 0001:00000a20       ?__scrt_common_main@@YAHXZ 00401a20 f   MSVCRTD:exe_winmain.obj
 0001:00000a30       ?__scrt_common_main_seh@@YAHXZ 00401a30 f   MSVCRTD:exe_winmain.obj
 0001:00000c70       ?initialize_environment@@YAXXZ 00401c70 f   MSVCRTD:exe_winmain.obj
 0001:00000c80       ?invoke_main@@YAHXZ        00401c80 f   MSVCRTD:exe_winmain.obj
 0001:00000cc0       ?DebuggerProbe@@YAHK@Z     00401cc0 f   MSVCRTD:_error_.obj
 0001:00000d60       ?DebuggerRuntime@@YAHKHPAXPB_W@Z 00401d60 f   MSVCRTD:_error_.obj
 0001:00001080       ?_getMemBlockDataString@@YAXPAD00I@Z 00402080 f   MSVCRTD:_error_.obj
 0001:00001100       ?_strlen_priv@@YAIPBD@Z    00402100 f   MSVCRTD:_error_.obj
 0001:00001120       ?failwithmessage@@YAXPAXHHPBD@Z 00402120 f   MSVCRTD:_error_.obj
 0001:00001910       ?find_pe_section@@YAPAU_IMAGE_SECTION_HEADER@@QAEI@Z 00402910 f   MSVCRTD:utility.obj
 0001:000019a0       ?is_potentially_valid_image_base@@YA_NQAX@Z 004029a0 f   MSVCRTD:utility.obj
 0001:00002520       ?GetPdbDll@@YAPAUHINSTANCE__@@XZ 00403520 f   MSVCRTD:_pdblkup_.obj
 0001:00002660       ?GetPdbDllFromInstallPath@@YAPAUHINSTANCE__@@XZ 00403660 f   MSVCRTD:_pdblkup_.obj
 0001:000028e0       ?GetPdbDllPathFromFilePath@@YAHPB_WPA_WI@Z 004038e0 f   MSVCRTD:_pdblkup_.obj
 0002:00000144       ?pre_cpp_initializer@@3P6AXXZA 00405144     MSVCRTD:exe_winmain.obj
 0002:00000150       ?pre_c_initializer@@3P6AHXZA 00405150     MSVCRTD:exe_winmain.obj
 0002:00000154       ?post_pgo_initializer@@3P6AHXZA 00405154     MSVCRTD:exe_winmain.obj
 0002:000001ec       ?_RTC_ErrorMessages@@3QBQBDB 004051ec     MSVCRTD:_error_.obj
 0002:00000204       ?_RTC_NoFalsePositives@@3QBHB 00405204     MSVCRTD:_error_.obj
 0002:0000021c       ?stack_premsg@@3QBDB       0040521c     MSVCRTD:_error_.obj
 0002:00000238       ?stack_postmsg@@3QBDB      00405238     MSVCRTD:_error_.obj
 0002:0000024c       ?uninit_premsg@@3QBDB      0040524c     MSVCRTD:_error_.obj
 0002:0000025c       ?uninit_postmsg@@3QBDB     0040525c     MSVCRTD:_error_.obj
 0002:0000079c       _GS_ExceptionPointers      0040579c     MSVCRTD:gs_report.obj
 0002:000007a4       ?_RTC_errlist@@3QBQBDB     004057a4     MSVCRTD:_userapi_.obj
 0002:00000864       ?mspdbName@@3QB_WB         00405864     MSVCRTD:_pdblkup_.obj
 0002:00000888       ?debugCrtFileName@@3QB_WB  00405888     MSVCRTD:_pdblkup_.obj
 0002:000009d4       ?dllExt@?1??GetPdbDllPathFromFilePath@@YAHPB_WPA_WI@Z@4QB_WB 004059d4     MSVCRTD:_pdblkup_.obj
 0002:000009dc       ?mspdbFilename@?1??GetPdbDllPathFromFilePath@@YAHPB_WPA_WI@Z@4QB_WB 004059dc     MSVCRTD:_pdblkup_.obj
 0002:00000dfc       __RTC_InitBase.rtc$IMZ     00405dfc     win32_handmade.obj
 0002:00000e08       __RTC_Shutdown.rtc$TMZ     00405e08     win32_handmade.obj
 0002:00000e10       __sehtable$?__scrt_common_main_seh@@YAHXZ 00405e10     MSVCRTD:exe_winmain.obj
 0002:00000e30       __sehtable$?DebuggerProbe@@YAHK@Z 00405e30     MSVCRTD:_error_.obj
 0002:00000e50       __sehtable$?DebuggerRuntime@@YAHKHPAXPB_W@Z 00405e50     MSVCRTD:_error_.obj
 0002:00000e70       __sehtable$___scrt_is_nonwritable_in_current_image 00405e70     MSVCRTD:utility.obj
 0002:00001074       .idata$6                   00406074     kernel32:KERNEL32.dll
 0002:00001126       .idata$6                   00406126     user32:USER32.dll
 0002:00001142       .idata$6                   00406142     gdi32:GDI32.dll
 0002:000011de       .idata$6                   004061de     vcruntimed:VCRUNTIME140D.dll
 0002:00001442       .idata$6                   00406442     ucrtd:ucrtbased.dll
 0003:00000030       ?Running@@3_NA             00407030     win32_handmade.obj
 0003:00000034       ?BitmapInfo@@3UtagBITMAPINFO@@A 00407034     win32_handmade.obj
 0003:00000060       ?BitmapMemory@@3PAXA       00407060     win32_handmade.obj
 0003:00000064       ?BitmapWidth@@3HA          00407064     win32_handmade.obj
 0003:00000068       ?BitmapHeight@@3HA         00407068     win32_handmade.obj
 0003:0000006c       ?init@?1??_RTC_InitBase@@9@4_NA 0040706c     MSVCRTD:_init_.obj
 0003:00000078       _GS_ExceptionRecord        00407078     MSVCRTD:gs_report.obj
 0003:000000c8       _GS_ContextRecord          004070c8     MSVCRTD:gs_report.obj
 0003:00000394       ?_RTC_ErrorReportFunc@@3P6AHHPBDH00ZZA 00407394     MSVCRTD:_userapi_.obj
 0003:00000398       ?_RTC_ErrorReportFuncW@@3P6AHHPB_WH00ZZA 00407398     MSVCRTD:_userapi_.obj
 0003:000003a4       ?module_local_atexit_table@@3U_onexit_table_t@@A 004073a4     MSVCRTD:utility.obj
 0003:000003b0       ?module_local_at_quick_exit_table@@3U_onexit_table_t@@A 004073b0     MSVCRTD:utility.obj
 0003:000003bc       ?is_initialized_as_dll@@3_NA 004073bc     MSVCRTD:utility.obj
 0003:000003d4       ?mspdb@@3PAUHINSTANCE__@@A 004073d4     MSVCRTD:_pdblkup_.obj
 0003:000003d8       ?alreadyTried@?1??GetPdbDll@@YAPAUHINSTANCE__@@XZ@4_NA 004073d8     MSVCRTD:_pdblkup_.obj
 0003:000003d9       ?PDBOK@?1??_RTC_GetSrcLine@@YAHPAEPA_WKPAH1K@Z@4_NA 004073d9     MSVCRTD:_pdblkup_.obj
 0004:00000000       __guard_fids___CRT_RTC_INIT 00408000     MSVCRTD:_init_.obj
 0004:00000004       __guard_fids___CRT_RTC_INITW 00408004     MSVCRTD:_init_.obj
 0004:00000008       __guard_fids__             00408008     MSVCRTD:exe_winmain.obj
 0004:0000000c       __guard_fids__             0040800c     MSVCRTD:exe_winmain.obj
 0004:00000010       __guard_fids__             00408010     MSVCRTD:exe_winmain.obj
 0004:00000014       __guard_fids_?pre_c_initialization@@YAHXZ 00408014     MSVCRTD:exe_winmain.obj
 0004:0000001c       __guard_fids____scrt_set_unhandled_exception_filter 0040801c     MSVCRTD:utility_desktop.obj
 0004:00000020       __guard_fids___except_handler4 00408020     MSVCRTD:_chandler4gs_.obj
 0004:00000024       __guard_fids__             00408024     MSVCRTD:guard_support.obj
 0004:00000028       __guard_fids___guard_icall_checks_enforced 00408028     MSVCRTD:guard_support.obj
 0005:00000060       $R000000                   00409060     * linker generated manifest res *
